A51 MACRO ASSEMBLER  TIMERDELAY                                                           10/22/2019 01:54:27 PAGE     1


MACRO ASSEMBLER A51 V8.02
OBJECT MODULE PLACED IN timerdelay.OBJ
ASSEMBLER INVOKED BY: C:\Keil\C51\BIN\A51.EXE timerdelay.SRC SET(SMALL) DEBUG EP

LOC  OBJ            LINE     SOURCE

                       1     NAME    TIMERDELAY
                       2     
                       3     ?PR?_TimerDelay10MC?TIMERDELAY SEGMENT CODE 
                       4      
                       5             PUBLIC  _TimerDelay10MC
                       6     
----                   7             RSEG  ?PR?_TimerDelay10MC?TIMERDELAY
0000                   8     _TimerDelay10MC:
0000 758910            9             MOV TMOD,#010H  
0003 758DD8           10             MOV TH1,#0D8H  
0006 758BF0           11             MOV TL1,#0F0H  
0009 D28E             12             SETB TR1  
000B 308FFD           13     TIMERHERE: JNB TF1,TIMERHERE  
000E C28E             14             CLR TR1  
0010 C28F             15             CLR TF1  
0012 22               16             RET
                      17     
                      18             END
A51 MACRO ASSEMBLER  TIMERDELAY                                                           10/22/2019 01:54:27 PAGE     2

SYMBOL TABLE LISTING
------ ----- -------


N A M E                         T Y P E  V A L U E   ATTRIBUTES

?PR?_TIMERDELAY10MC?TIMERDELAY  C SEG    0013H       REL=UNIT
TF1. . . . . . . . . . . . . .  B ADDR   0088H.7 A   
TH1. . . . . . . . . . . . . .  D ADDR   008DH   A   
TIMERDELAY . . . . . . . . . .  N NUMB   -----       
TIMERHERE. . . . . . . . . . .  C ADDR   000BH   R   SEG=?PR?_TIMERDELAY10MC?TIMERDELAY
TL1. . . . . . . . . . . . . .  D ADDR   008BH   A   
TMOD . . . . . . . . . . . . .  D ADDR   0089H   A   
TR1. . . . . . . . . . . . . .  B ADDR   0088H.6 A   
_TIMERDELAY10MC. . . . . . . .  C ADDR   0000H   R   SEG=?PR?_TIMERDELAY10MC?TIMERDELAY


REGISTER BANK(S) USED: 0 


ASSEMBLY COMPLETE.  0 WARNING(S), 0 ERROR(S)
